[Bootstrap]
SetupTitle=Install
SetupText=Copying Files, please stand by.
CabFile=IP_WIZ.CAB
Spawn=Setup1.exe
Uninstal=st6unst.exe
TmpDir=msftqws.pdw
Cabs=1

[Bootstrap Files]
File1=@VB6STKIT.DLL,$(WinSysPathSysFile),,,5/31/99 11:00:00 PM,101888,6.0.84.50
File2=@COMCAT.DLL,$(WinSysPathSysFile),$(DLLSelfRegister),,5/30/98 11:00:00 PM,22288,4.71.1460.1
File3=@STDOLE2.TLB,$(WinSysPathSysFile),$(TLBRegister),,6/2/99 11:00:00 PM,17920,2.40.4275.1
File4=@ASYCFILT.DLL,$(WinSysPathSysFile),,,3/7/99 11:00:00 PM,147728,2.40.4275.1
File5=@OLEPRO32.DLL,$(WinSysPathSysFile),$(DLLSelfRegister),,3/7/99 11:00:00 PM,164112,5.0.4275.1
File6=@OLEAUT32.DLL,$(WinSysPathSysFile),$(DLLSelfRegister),,4/11/00 11:00:00 PM,598288,2.40.4275.1
File7=@msvbvm60.dll,$(WinSysPathSysFile),$(DLLSelfRegister),,12/12/00 12:54:20 AM,1388544,6.0.88.77

[IconGroups]
Group0=IP Wizard
PrivateGroup0=0
Parent0=$(Programs)

[IP Wizard]
Icon1="IP_WIZ.exe"
Title1=IP Wizard
StartIn1=$(AppPath)

[Setup]
Title=IP Wizard
DefaultDir=$(ProgramFiles)\IP Wizard
AppExe=IP_WIZ.exe
AppToUninstall=IP_WIZ.exe

[Setup1 Files]
File1=@license.txt,$(AppPath),,,1/25/03 1:28:54 PM,1648,0.0.0.0
File2=@SK_Small_Logo.bmp,$(AppPath)\Help\Images,,,12/27/02 10:24:16 PM,13674,0.0.0.0
File3=@SK_GreyBackGround.jpg,$(AppPath)\Help\Images,,,1/30/02 6:43:02 PM,4348,0.0.0.0
File4=@Table of Contents.hhc,$(AppPath)\Help,,,1/8/03 8:56:02 PM,513,0.0.0.0
File5=@Index.hhk,$(AppPath)\Help,,,1/3/03 4:18:38 PM,203,0.0.0.0
File6=@help.hhp,$(AppPath)\Help,,,1/8/03 9:00:38 PM,270,0.0.0.0
File7=@hh.exe,$(WinSysPath),,$(Shared),11/26/02 2:23:36 PM,10752,5.2.3644.0
File8=@itircl.dll,$(WinSysPath),$(DLLSelfRegister),$(Shared),9/11/02 9:58:22 AM,143872,5.2.3644.0
File9=@itss.dll,$(WinSysPath),$(DLLSelfRegister),$(Shared),9/11/02 9:58:22 AM,122368,5.2.3644.0
File10=@hhctrl.ocx,$(WinSysPath),$(DLLSelfRegister),$(Shared),11/26/02 2:23:20 PM,513632,5.2.3718.0
File11=@help.chm,$(AppPath)\Help,,,1/25/03 2:28:32 PM,15048,0.0.0.0
File12=@tracrt50.ocx,$(WinSysPath),$(DLLSelfRegister),$(Shared),5/2/02 4:14:12 AM,112776,5.0.0.852
File13=@MSCOMCTL.OCX,$(WinSysPath),$(DLLSelfRegister),$(Shared),6/6/02 9:12:59 AM,1077344,6.1.95.45
File14=@msvcrt.dll,$(WinSysPathSysFile),,,7/22/02 11:05:04 AM,290869,6.1.9359.0
File15=@scrrun.dll,$(WinSysPath),$(DLLSelfRegister),$(Shared),6/26/01 5:06:58 PM,147512,5.6.0.6626
File16=@whois50.ocx,$(WinSysPath),$(DLLSelfRegister),$(Shared),5/2/02 4:14:12 AM,120968,5.0.0.852
File17=@ping50.ocx,$(WinSysPath),$(DLLSelfRegister),$(Shared),5/2/02 4:14:12 AM,108680,5.0.0.852
File18=@ipinfo50.ocx,$(WinSysPath),$(DLLSelfRegister),$(Shared),5/2/02 4:14:12 AM,108680,5.0.0.852
File19=@IP_WIZ.exe,$(AppPath),,,1/31/03 1:37:48 PM,765952,1.2.0.40

; The following lines may be deleted in order to obtain extra 
; space for customizing this file on a full installation diskette.
; 
; XXXXXXXXXXXXXXXXXXXXXXXXXXXXXXXXXXXXXXXXXXXXXXXXXXXXXXXXXXXX
; XXXXXXXXXXXXXXXXXXXXXXXXXXXXXXXXXXXXXXXXXXXXXXXXXXXXXXXXXXXX
; XXXXXXXXXXXXXXXXXXXXXXXXXXXXXXXXXXXXXXXXXXXXXXXXXXXXXXXXXXXX
; XXXXXXXXXXXXXXXXXXXXXXXXXXXXXXXXXXXXXXXXXXXXXXXXXXXXXXXXXXXX
; XXXXXXXXXXXXXXXXXXXXXXXXXXXXXXXXXXXXXXXXXXXXXXXXXXXXXXXXXXXX
; XXXXXXXXXXXXXXXXXXXXXXXXXXXXXXXXXXXXXXXXXXXXXXXXXXXXXXXXXXXX
; XXXXXXXXXXXXXXXXXXXXXXXXXXXXXXXXXXXXXXXXXXXXXXXXXXXXXXXXXXXX
; XXXXXXXXXXXXXXXXXXXXXXXXXXXXXXXXXXXXXXXXXXXXXXXXXXXXXXXXXXXX
; XXXXXXXXXXXXXXXXXXXXXXXXXXXXXXXXXXXXXXXXXXXXXXXXXXXXXXXXXXXX
; XXXXXXXXXXXXXXXXXXXXXXXXXXXXXXXXXXXXXXXXXXXXXXXXXXXXXXXXXXXX
; XXXXXXXXXXXXXXXXXXXXXXXXXXXXXXXXXXXXXXXXXXXXXXXXXXXXXXXXXXXX
; XXXXXXXXXXXXXXXXXXXXXXXXXXXXXXXXXXXXXXXXXXXXXXXXXXXXXXXXXXXX
; XXXXXXXXXXXXXXXXXXXXXXXXXXXXXXXXXXXXXXXXXXXXXXXXXXXXXXXXXXXX
; XXXXXXXXXXXXXXXXXXXXXXXXXXXXXXXXXXXXXXXXXXXXXXXXXXXXXXXXXXXX
; XXXXXXXXXXXXXXXXXXXXXXXXXXXXXXXXXXXXXXXXXXXXXXXXXXXXXXXXXXXX
; XXXXXXXXXXXXXXXXXXXXXXXXXXXXXXXXXXXXXXXXXXXXXXXXXXXXXXXXXXXX
; XXXXXXXXXXXXXXXXXXXXXXXXXXXXXXXXXXXXXXXXXXXXXXXXXXXXXXXXXXXX
; XXXXXXXXXXXXXXXXXXXXXXXXXXXXXXXXXXXXXXXXXXXXXXXXXXXXXXXXXXXX
; XXXXXXXXXXXXXXXXXXXXXXXXXXXXXXXXXXXXXXXXXXXXXXXXXXXXXXXXXXXX
; XXXXXXXXXXXXXXXXXXXXXXXXXXXXXXXXXXXXXXXXXXXXXXXXXXXXXXXXXXXX
; XXXXXXXXXXXXXXXXXXXXXXXXXXXXXXXXXXXXXXXXXXXXXXXXXXXXXXXXXXXX
; XXXXXXXXXXXXXXXXXXXXXXXXXXXXXXXXXXXXXXXXXXXXXXXXXXXXXXXXXXXX
; XXXXXXXXXXXXXXXXXXXXXXXXXXXXXXXXXXXXXXXXXXXXXXXXXXXXXXXXXXXX
; XXXXXXXXXXXXXXXXXXXXXXXXXXXXXXXXXXXXXXXXXXXXXXXXXXXXXXXXXXXX
; XXXXXXXXXXXXXXXXXXXXXXXXXXXXXXXXXXXXXXXXXXXXXXXXXXXXXXXXXXXX
; XXXXXXXXXXXXXXXXXXXXXXXXXXXXXXXXXXXXXXXXXXXXXXXXXXXXXXXXXXXX
; XXXXXXXXXXXXXXXXXXXXXXXXXXXXXXXXXXXXXXXXXXXXXXXXXXXXXXXXXXXX
; XXXXXXXXXXXXXXXXXXXXXXXXXXXXXXXXXXXXXXXXXXXXXXXXXXXXXXXXXXXX
; XXXXXXXXXXXXXXXXXXXXXXXXXXXXXXXXXXXXXXXXXXXXXXXXXXXXXXXXXXXX
; XXXXXXXXXXXXXXXXXXXXXXXXXXXXXXXXXXXXXXXXXXXXXXXXXXXXXXXXXXXX
; XXXXXXXXXXXXXXXXXXXXXXXXXXXXXXXXXXXXXXXXXXXXXXXXXXXXXXXXXXXX
; XXXXXXXXXXXXXXXXXXXXXXXXXXXXXXXXXXXXXXXXXXXXXXXXXXXXXXXXXXXX
; XXXXXXXXXXXXXXXXXXXXXXXXXXXXXXXXXXXXXXXXXXXXXXXXXXXXXXXXXXXX
; XXXXXXXXXXXXXXXXXXXXXXXXXXXXXXXXXXXXXXXXXXXXXXXXXXXXXXXXXXXX
; XXXXXXXXXXXXXXXXXXXXXXXXXXXXXXXXXXXXXXXXXXXXXXXXXXXXXXXXXXXX
